running egg_info
creating ../build/domaci/amr_domaci_2.egg-info
writing ../build/domaci/amr_domaci_2.egg-info/PKG-INFO
writing dependency_links to ../build/domaci/amr_domaci_2.egg-info/dependency_links.txt
writing entry points to ../build/domaci/amr_domaci_2.egg-info/entry_points.txt
writing requirements to ../build/domaci/amr_domaci_2.egg-info/requires.txt
writing top-level names to ../build/domaci/amr_domaci_2.egg-info/top_level.txt
writing manifest file '../build/domaci/amr_domaci_2.egg-info/SOURCES.txt'
reading manifest file '../build/domaci/amr_domaci_2.egg-info/SOURCES.txt'
writing manifest file '../build/domaci/amr_domaci_2.egg-info/SOURCES.txt'
running build
running build_py
creating /home/bingulac/amr_domaci_2/src/build/domaci/build
creating /home/bingulac/amr_domaci_2/src/build/domaci/build/lib
creating /home/bingulac/amr_domaci_2/src/build/domaci/build/lib/amr_domaci_2
copying amr_domaci_2/drive_2m.py -> /home/bingulac/amr_domaci_2/src/build/domaci/build/lib/amr_domaci_2
copying amr_domaci_2/op_mode_service.py -> /home/bingulac/amr_domaci_2/src/build/domaci/build/lib/amr_domaci_2
copying amr_domaci_2/__init__.py -> /home/bingulac/amr_domaci_2/src/build/domaci/build/lib/amr_domaci_2
running install
running install_lib
creating /home/bingulac/amr_domaci_2/src/install/domaci/lib/python3.10/site-packages/amr_domaci_2
copying /home/bingulac/amr_domaci_2/src/build/domaci/build/lib/amr_domaci_2/drive_2m.py -> /home/bingulac/amr_domaci_2/src/install/domaci/lib/python3.10/site-packages/amr_domaci_2
copying /home/bingulac/amr_domaci_2/src/build/domaci/build/lib/amr_domaci_2/op_mode_service.py -> /home/bingulac/amr_domaci_2/src/install/domaci/lib/python3.10/site-packages/amr_domaci_2
copying /home/bingulac/amr_domaci_2/src/build/domaci/build/lib/amr_domaci_2/__init__.py -> /home/bingulac/amr_domaci_2/src/install/domaci/lib/python3.10/site-packages/amr_domaci_2
byte-compiling /home/bingulac/amr_domaci_2/src/install/domaci/lib/python3.10/site-packages/amr_domaci_2/drive_2m.py to drive_2m.cpython-310.pyc
byte-compiling /home/bingulac/amr_domaci_2/src/install/domaci/lib/python3.10/site-packages/amr_domaci_2/op_mode_service.py to op_mode_service.cpython-310.pyc
byte-compiling /home/bingulac/amr_domaci_2/src/install/domaci/lib/python3.10/site-packages/amr_domaci_2/__init__.py to __init__.cpython-310.pyc
running install_data
copying resource/amr_domaci_2 -> /home/bingulac/amr_domaci_2/src/install/domaci/share/ament_index/resource_index/packages
creating /home/bingulac/amr_domaci_2/src/install/domaci/share/amr_domaci_2
copying package.xml -> /home/bingulac/amr_domaci_2/src/install/domaci/share/amr_domaci_2
running install_egg_info
Copying ../build/domaci/amr_domaci_2.egg-info to /home/bingulac/amr_domaci_2/src/install/domaci/lib/python3.10/site-packages/amr_domaci_2-0.0.0-py3.10.egg-info
running install_scripts
Installing drive_2m script to /home/bingulac/amr_domaci_2/src/install/domaci/lib/amr_domaci_2
writing list of installed files to '/home/bingulac/amr_domaci_2/src/build/domaci/install.log'
