[0.564s] Invoking command in '/home/bingulac/amr_domaci_2/src/amr_domaci_2': PYTHONPATH=/home/bingulac/amr_domaci_2/build/domaci/prefix_override:/usr/lib/python3/dist-packages/colcon_core/task/python/colcon_distutils_commands:/home/bingulac/amr_domaci_2/install/domaci/lib/python3.10/site-packages:${PYTHONPATH} /usr/bin/python3 -W ignore:setup.py install is deprecated -W ignore:easy_install command is deprecated setup.py egg_info --egg-base ../../build/domaci build --build-base /home/bingulac/amr_domaci_2/build/domaci/build install --record /home/bingulac/amr_domaci_2/build/domaci/install.log --single-version-externally-managed install_data
[0.770s] running egg_info
[0.771s] creating ../../build/domaci/amr_domaci_2.egg-info
[0.771s] writing ../../build/domaci/amr_domaci_2.egg-info/PKG-INFO
[0.771s] writing dependency_links to ../../build/domaci/amr_domaci_2.egg-info/dependency_links.txt
[0.772s] writing entry points to ../../build/domaci/amr_domaci_2.egg-info/entry_points.txt
[0.772s] writing requirements to ../../build/domaci/amr_domaci_2.egg-info/requires.txt
[0.772s] writing top-level names to ../../build/domaci/amr_domaci_2.egg-info/top_level.txt
[0.772s] writing manifest file '../../build/domaci/amr_domaci_2.egg-info/SOURCES.txt'
[0.773s] reading manifest file '../../build/domaci/amr_domaci_2.egg-info/SOURCES.txt'
[0.774s] writing manifest file '../../build/domaci/amr_domaci_2.egg-info/SOURCES.txt'
[0.774s] running build
[0.774s] running build_py
[0.774s] creating /home/bingulac/amr_domaci_2/build/domaci/build
[0.774s] creating /home/bingulac/amr_domaci_2/build/domaci/build/lib
[0.774s] creating /home/bingulac/amr_domaci_2/build/domaci/build/lib/amr_domaci_2
[0.777s] copying amr_domaci_2/drive_2m.py -> /home/bingulac/amr_domaci_2/build/domaci/build/lib/amr_domaci_2
[0.777s] copying amr_domaci_2/op_mode_service.py -> /home/bingulac/amr_domaci_2/build/domaci/build/lib/amr_domaci_2
[0.777s] copying amr_domaci_2/__init__.py -> /home/bingulac/amr_domaci_2/build/domaci/build/lib/amr_domaci_2
[0.777s] running install
[0.778s] running install_lib
[0.779s] creating /home/bingulac/amr_domaci_2/install/domaci/lib/python3.10/site-packages/amr_domaci_2
[0.780s] copying /home/bingulac/amr_domaci_2/build/domaci/build/lib/amr_domaci_2/drive_2m.py -> /home/bingulac/amr_domaci_2/install/domaci/lib/python3.10/site-packages/amr_domaci_2
[0.780s] copying /home/bingulac/amr_domaci_2/build/domaci/build/lib/amr_domaci_2/op_mode_service.py -> /home/bingulac/amr_domaci_2/install/domaci/lib/python3.10/site-packages/amr_domaci_2
[0.780s] copying /home/bingulac/amr_domaci_2/build/domaci/build/lib/amr_domaci_2/__init__.py -> /home/bingulac/amr_domaci_2/install/domaci/lib/python3.10/site-packages/amr_domaci_2
[0.780s] byte-compiling /home/bingulac/amr_domaci_2/install/domaci/lib/python3.10/site-packages/amr_domaci_2/drive_2m.py to drive_2m.cpython-310.pyc
[0.781s] byte-compiling /home/bingulac/amr_domaci_2/install/domaci/lib/python3.10/site-packages/amr_domaci_2/op_mode_service.py to op_mode_service.cpython-310.pyc
[0.781s] byte-compiling /home/bingulac/amr_domaci_2/install/domaci/lib/python3.10/site-packages/amr_domaci_2/__init__.py to __init__.cpython-310.pyc
[0.781s] running install_data
[0.782s] copying resource/amr_domaci_2 -> /home/bingulac/amr_domaci_2/install/domaci/share/ament_index/resource_index/packages
[0.782s] creating /home/bingulac/amr_domaci_2/install/domaci/share/amr_domaci_2
[0.782s] copying package.xml -> /home/bingulac/amr_domaci_2/install/domaci/share/amr_domaci_2
[0.783s] running install_egg_info
[0.784s] Copying ../../build/domaci/amr_domaci_2.egg-info to /home/bingulac/amr_domaci_2/install/domaci/lib/python3.10/site-packages/amr_domaci_2-0.0.0-py3.10.egg-info
[0.785s] running install_scripts
[0.802s] Installing drive_2m script to /home/bingulac/amr_domaci_2/install/domaci/lib/amr_domaci_2
[0.802s] writing list of installed files to '/home/bingulac/amr_domaci_2/build/domaci/install.log'
[0.824s] Invoked command in '/home/bingulac/amr_domaci_2/src/amr_domaci_2' returned '0': PYTHONPATH=/home/bingulac/amr_domaci_2/build/domaci/prefix_override:/usr/lib/python3/dist-packages/colcon_core/task/python/colcon_distutils_commands:/home/bingulac/amr_domaci_2/install/domaci/lib/python3.10/site-packages:${PYTHONPATH} /usr/bin/python3 -W ignore:setup.py install is deprecated -W ignore:easy_install command is deprecated setup.py egg_info --egg-base ../../build/domaci build --build-base /home/bingulac/amr_domaci_2/build/domaci/build install --record /home/bingulac/amr_domaci_2/build/domaci/install.log --single-version-externally-managed install_data
